Traceback (most recent call last):
  File "C:\Users\kabhi\neurosymbolic\backend\app\services\evidence_summarizer.py", line 63, in summarize_evidence
    response = await client.chat.completions.create(
               ^^^^^^^^^^^^^^^^^^^^^^^^^^^^^^^^^^^^^
  File "C:\Users\kabhi\AppData\Local\Programs\Python\Python311\Lib\site-packages\openai\resources\chat\completions\completions.py", line 2678, in create
    return await self._post(
           ^^^^^^^^^^^^^^^^^
  File "C:\Users\kabhi\AppData\Local\Programs\Python\Python311\Lib\site-packages\openai\_base_client.py", line 1794, in post
    return await self.request(cast_to, opts, stream=stream, stream_cls=stream_cls)
           ^^^^^^^^^^^^^^^^^^^^^^^^^^^^^^^^^^^^^^^^^^^^^^^^^^^^^^^^^^^^^^^^^^^^^^^
  File "C:\Users\kabhi\AppData\Local\Programs\Python\Python311\Lib\site-packages\openai\_base_client.py", line 1594, in request
    raise self._make_status_error_from_response(err.response) from None
openai.RateLimitError: Error code: 429 - {'error': {'message': 'You exceeded your current quota, please check your plan and billing details. For more information on this error, read the docs: https://platform.openai.com/docs/guides/error-codes/api-errors.', 'type': 'insufficient_quota', 'param': None, 'code': 'insufficient_quota'}}
